[?25l[?25h

